<results>
      <span
           class="af_inputDate"
          >
        
        <input
             class="af_inputDate_content"
             id="mainId"
             name="mainId"
             onblur="_dfb(this)"
             size="10"
             type="text"
            >
          
        </input>
        <img
             alt=""
             height="1"
             width="8"
             src="uri-attr:encoded-resource-url:/test-context-path/adf/images/t.gif"
            >
          
        </img>
      </span>
<!--AttributeTest[chooseId,null]-->

      <span
           class="af_inputDate"
          >
        
        <input
             class="af_inputDate_content"
             id="mainId"
             name="mainId"
             onblur="_dfb(this,'test-chooseId')"
             onfocus="_dff(this,'test-chooseId')"
             size="10"
             type="text"
            >
          
        </input>
      </span>
      <script
           type="text/javascript"
          >
        _dfa('mainId','test-chooseId');
      </script>
<!--AttributeTest[disabled,false]-->

      <span
           class="af_inputDate"
          >
        
        <input
             class="af_inputDate_content"
             id="mainId"
             name="mainId"
             onblur="_dfb(this)"
             size="10"
             type="text"
            >
          
        </input>
        <img
             alt=""
             height="1"
             width="8"
             src="uri-attr:encoded-resource-url:/test-context-path/adf/images/t.gif"
            >
          
        </img>
      </span>
<!--AttributeTest[disabled,true]-->

      <span
           class="af_inputDate p_AFDisabled"
          >
        
        <input
             class="af_inputDate_content"
             disabled="disabled"
             id="mainId"
             name="mainId"
             onblur="_dfb(this)"
             size="10"
             type="text"
            >
          
        </input>
      </span>
<!--AttributeTest[label,null]-->

      <span
           class="af_inputDate"
          >
        
        <input
             class="af_inputDate_content"
             id="mainId"
             name="mainId"
             onblur="_dfb(this)"
             size="10"
             type="text"
            >
          
        </input>
        <img
             alt=""
             height="1"
             width="8"
             src="uri-attr:encoded-resource-url:/test-context-path/adf/images/t.gif"
            >
          
        </img>
      </span>
<!--AttributeTest[readOnly,false]-->

      <span
           class="af_inputDate"
          >
        
        <input
             class="af_inputDate_content"
             id="mainId"
             name="mainId"
             onblur="_dfb(this)"
             size="10"
             type="text"
            >
          
        </input>
        <img
             alt=""
             height="1"
             width="8"
             src="uri-attr:encoded-resource-url:/test-context-path/adf/images/t.gif"
            >
          
        </img>
      </span>
<!--AttributeTest[readOnly,true]-->

      <span
           class="af_inputDate p_AFReadOnly"
          >
        
        <div
             class="af_inputDate_content"
             id="mainId"
            >
          
        </div>
      </span>
<!--AttributeTest[id,null]-->

      <span
           class="af_inputDate"
          >
        
        <input
             class="af_inputDate_content"
             id="test-id"
             name="test-id"
             onblur="_dfb(this)"
             size="10"
             type="text"
            >
          
        </input>
        <img
             alt=""
             height="1"
             width="8"
             src="uri-attr:encoded-resource-url:/test-context-path/adf/images/t.gif"
            >
          
        </img>
      </span>
<!--AttributeTest[inlineStyle,background-color:red]-->

      <span
           class="af_inputDate"
           style="background-color:red"
          >
        
        <input
             class="af_inputDate_content"
             id="mainId"
             name="mainId"
             onblur="_dfb(this)"
             size="10"
             type="text"
            >
          
        </input>
        <img
             alt=""
             height="1"
             width="8"
             src="uri-attr:encoded-resource-url:/test-context-path/adf/images/t.gif"
            >
          
        </img>
      </span>
<!--AttributeTest[shortDesc,null]-->

      <span
           class="af_inputDate"
          >
        
        <input
             class="af_inputDate_content"
             id="mainId"
             name="mainId"
             onblur="_dfb(this)"
             size="10"
             title="test-shortDesc"
             type="text"
            >
          
        </input>
        <img
             alt=""
             height="1"
             width="8"
             src="uri-attr:encoded-resource-url:/test-context-path/adf/images/t.gif"
            >
          
        </img>
      </span>
<!--AttributeTest[styleClass,null]-->

      <span
           class="test-styleClass af_inputDate"
          >
        
        <input
             class="af_inputDate_content"
             id="mainId"
             name="mainId"
             onblur="_dfb(this)"
             size="10"
             type="text"
            >
          
        </input>
        <img
             alt=""
             height="1"
             width="8"
             src="uri-attr:encoded-resource-url:/test-context-path/adf/images/t.gif"
            >
          
        </img>
      </span>
<!--AttributeTest[onblur,null]-->

      <span
           class="af_inputDate"
          >
        
        <input
             class="af_inputDate_content"
             id="mainId"
             name="mainId"
             onblur="return _chain('_dfb(this)','test-onblur',this,null)"
             size="10"
             type="text"
            >
          
        </input>
        <img
             alt=""
             height="1"
             width="8"
             src="uri-attr:encoded-resource-url:/test-context-path/adf/images/t.gif"
            >
          
        </img>
      </span>
<!--AttributeTest[onchange,null]-->

      <span
           class="af_inputDate"
          >
        
        <input
             class="af_inputDate_content"
             id="mainId"
             name="mainId"
             onblur="_dfb(this)"
             onchange="test-onchange"
             size="10"
             type="text"
            >
          
        </input>
        <img
             alt=""
             height="1"
             width="8"
             src="uri-attr:encoded-resource-url:/test-context-path/adf/images/t.gif"
            >
          
        </img>
      </span>
<!--AttributeTest[ondblclick,null]-->

      <span
           class="af_inputDate"
          >
        
        <input
             class="af_inputDate_content"
             id="mainId"
             name="mainId"
             onblur="_dfb(this)"
             ondblclick="test-ondblclick"
             size="10"
             type="text"
            >
          
        </input>
        <img
             alt=""
             height="1"
             width="8"
             src="uri-attr:encoded-resource-url:/test-context-path/adf/images/t.gif"
            >
          
        </img>
      </span>
<!--AttributeTest[onfocus,null]-->

      <span
           class="af_inputDate"
          >
        
        <input
             class="af_inputDate_content"
             id="mainId"
             name="mainId"
             onblur="_dfb(this)"
             onfocus="test-onfocus"
             size="10"
             type="text"
            >
          
        </input>
        <img
             alt=""
             height="1"
             width="8"
             src="uri-attr:encoded-resource-url:/test-context-path/adf/images/t.gif"
            >
          
        </img>
      </span>
<!--AttributeTest[onkeydown,null]-->

      <span
           class="af_inputDate"
          >
        
        <input
             class="af_inputDate_content"
             id="mainId"
             name="mainId"
             onblur="_dfb(this)"
             onkeydown="test-onkeydown"
             size="10"
             type="text"
            >
          
        </input>
        <img
             alt=""
             height="1"
             width="8"
             src="uri-attr:encoded-resource-url:/test-context-path/adf/images/t.gif"
            >
          
        </img>
      </span>
<!--AttributeTest[onkeypress,null]-->

      <span
           class="af_inputDate"
          >
        
        <input
             class="af_inputDate_content"
             id="mainId"
             name="mainId"
             onblur="_dfb(this)"
             onkeypress="test-onkeypress"
             size="10"
             type="text"
            >
          
        </input>
        <img
             alt=""
             height="1"
             width="8"
             src="uri-attr:encoded-resource-url:/test-context-path/adf/images/t.gif"
            >
          
        </img>
      </span>
<!--AttributeTest[onmousedown,null]-->

      <span
           class="af_inputDate"
          >
        
        <input
             class="af_inputDate_content"
             id="mainId"
             name="mainId"
             onblur="_dfb(this)"
             onmousedown="test-onmousedown"
             size="10"
             type="text"
            >
          
        </input>
        <img
             alt=""
             height="1"
             width="8"
             src="uri-attr:encoded-resource-url:/test-context-path/adf/images/t.gif"
            >
          
        </img>
      </span>
<!--AttributeTest[onmousemove,null]-->

      <span
           class="af_inputDate"
          >
        
        <input
             class="af_inputDate_content"
             id="mainId"
             name="mainId"
             onblur="_dfb(this)"
             onmousemove="test-onmousemove"
             size="10"
             type="text"
            >
          
        </input>
        <img
             alt=""
             height="1"
             width="8"
             src="uri-attr:encoded-resource-url:/test-context-path/adf/images/t.gif"
            >
          
        </img>
      </span>
<!--AttributeTest[onmouseout,null]-->

      <span
           class="af_inputDate"
          >
        
        <input
             class="af_inputDate_content"
             id="mainId"
             name="mainId"
             onblur="_dfb(this)"
             onmouseout="test-onmouseout"
             size="10"
             type="text"
            >
          
        </input>
        <img
             alt=""
             height="1"
             width="8"
             src="uri-attr:encoded-resource-url:/test-context-path/adf/images/t.gif"
            >
          
        </img>
      </span>
<!--AttributeTest[onmouseover,null]-->

      <span
           class="af_inputDate"
          >
        
        <input
             class="af_inputDate_content"
             id="mainId"
             name="mainId"
             onblur="_dfb(this)"
             onmouseover="test-onmouseover"
             size="10"
             type="text"
            >
          
        </input>
        <img
             alt=""
             height="1"
             width="8"
             src="uri-attr:encoded-resource-url:/test-context-path/adf/images/t.gif"
            >
          
        </img>
      </span>
<!--AttributeTest[onmouseup,null]-->

      <span
           class="af_inputDate"
          >
        
        <input
             class="af_inputDate_content"
             id="mainId"
             name="mainId"
             onblur="_dfb(this)"
             onmouseup="test-onmouseup"
             size="10"
             type="text"
            >
          
        </input>
        <img
             alt=""
             height="1"
             width="8"
             src="uri-attr:encoded-resource-url:/test-context-path/adf/images/t.gif"
            >
          
        </img>
      </span>
</results>
