<results>
      <meta
          >
        
      </meta>
<!--AttributeTest[name,sampleName]-->

      <meta
           name="sampleName"
          >
        
      </meta>
<!--AttributeTest[content,sampleContent]-->

      <meta
           content="sampleContent"
          >
        
      </meta>
<!--AttributeTest[type,sampleType]-->

      <meta
          >
        
      </meta>
<!--AttributeTest[type,httpEquiv,AttributeTest[name,refresh]]-->

      <meta
           http-equiv="refresh"
          >
        
      </meta>
<!--AttributeTest[name,viewport,AttributeTest[content,width=device-width, user-scalable=no]]-->

      <meta
           content="width=device-width, user-scalable=no"
           name="viewport"
          >
        
      </meta>
<!--AttributeTest[name,refresh,AttributeTest[type,httpEquiv,AttributeTest[content,2;url=./test/index.jspx]]]-->

      <meta
           content="2;url=./test/index.jspx"
           http-equiv="refresh"
          >
        
      </meta>
<!--AttributeTest[id,myid]-->

      <meta
          >
        
      </meta>
<!--AttributeTest[rendered,false]-->

<!--AttributeTest[rendered,true]-->

      <meta
          >
        
      </meta>
</results>
