<results>
      <span
           id="mainId"
          >
        
        <table
             border="0"
             cellpadding="0"
             cellspacing="0"
             summary=""
             width="100%"
            >
          
          <tr
              >
            
            <td
                 align="center"
                >
              
            </td>
          </tr>
        </table>
        <div
            >
          
        </div>
        <hr
             size="2"
            >
          
        </hr>
        <div
            >
          
          <h1
               class="af_panelHeader"
              >
            header1
          </h1>
        </div>
        <div
            >
          
        </div>
        <div
            >
          
          <h1
               class="af_panelHeader"
              >
            header2
          </h1>
        </div>
        <table
             border="0"
             cellpadding="0"
             cellspacing="0"
             summary=""
             width="100%"
            >
          
          <tr
              >
            
            <td
                 align="center"
                >
              
            </td>
          </tr>
        </table>
      </span>
<!--AttributeTest[id,myid]-->

      <span
           id="myid"
          >
        
        <table
             border="0"
             cellpadding="0"
             cellspacing="0"
             summary=""
             width="100%"
            >
          
          <tr
              >
            
            <td
                 align="center"
                >
              
            </td>
          </tr>
        </table>
        <div
            >
          
        </div>
        <hr
             size="2"
            >
          
        </hr>
        <div
            >
          
          <h1
               class="af_panelHeader"
              >
            header1
          </h1>
        </div>
        <div
            >
          
        </div>
        <div
            >
          
          <h1
               class="af_panelHeader"
              >
            header2
          </h1>
        </div>
        <table
             border="0"
             cellpadding="0"
             cellspacing="0"
             summary=""
             width="100%"
            >
          
          <tr
              >
            
            <td
                 align="center"
                >
              
            </td>
          </tr>
        </table>
      </span>
<!--AttributeTest[shortDesc,my short desc]-->

      <span
           id="mainId"
           title="my short desc"
          >
        
        <table
             border="0"
             cellpadding="0"
             cellspacing="0"
             summary=""
             width="100%"
            >
          
          <tr
              >
            
            <td
                 align="center"
                >
              
            </td>
          </tr>
        </table>
        <div
            >
          
        </div>
        <hr
             size="2"
            >
          
        </hr>
        <div
            >
          
          <h1
               class="af_panelHeader"
              >
            header1
          </h1>
        </div>
        <div
            >
          
        </div>
        <div
            >
          
          <h1
               class="af_panelHeader"
              >
            header2
          </h1>
        </div>
        <table
             border="0"
             cellpadding="0"
             cellspacing="0"
             summary=""
             width="100%"
            >
          
          <tr
              >
            
            <td
                 align="center"
                >
              
            </td>
          </tr>
        </table>
      </span>
<!--AttributeTest[styleClass,mystyle]-->

      <span
           class="mystyle"
           id="mainId"
          >
        
        <table
             border="0"
             cellpadding="0"
             cellspacing="0"
             summary=""
             width="100%"
            >
          
          <tr
              >
            
            <td
                 align="center"
                >
              
            </td>
          </tr>
        </table>
        <div
            >
          
        </div>
        <hr
             size="2"
            >
          
        </hr>
        <div
            >
          
          <h1
               class="af_panelHeader"
              >
            header1
          </h1>
        </div>
        <div
            >
          
        </div>
        <div
            >
          
          <h1
               class="af_panelHeader"
              >
            header2
          </h1>
        </div>
        <table
             border="0"
             cellpadding="0"
             cellspacing="0"
             summary=""
             width="100%"
            >
          
          <tr
              >
            
            <td
                 align="center"
                >
              
            </td>
          </tr>
        </table>
      </span>
<!--AttributeTest[onclick,null]-->

      <span
           id="mainId"
           onclick="test-onclick"
          >
        
        <table
             border="0"
             cellpadding="0"
             cellspacing="0"
             summary=""
             width="100%"
            >
          
          <tr
              >
            
            <td
                 align="center"
                >
              
            </td>
          </tr>
        </table>
        <div
            >
          
        </div>
        <hr
             size="2"
            >
          
        </hr>
        <div
            >
          
          <h1
               class="af_panelHeader"
              >
            header1
          </h1>
        </div>
        <div
            >
          
        </div>
        <div
            >
          
          <h1
               class="af_panelHeader"
              >
            header2
          </h1>
        </div>
        <table
             border="0"
             cellpadding="0"
             cellspacing="0"
             summary=""
             width="100%"
            >
          
          <tr
              >
            
            <td
                 align="center"
                >
              
            </td>
          </tr>
        </table>
      </span>
<!--AttributeTest[ondblclick,null]-->

      <span
           id="mainId"
           ondblclick="test-ondblclick"
          >
        
        <table
             border="0"
             cellpadding="0"
             cellspacing="0"
             summary=""
             width="100%"
            >
          
          <tr
              >
            
            <td
                 align="center"
                >
              
            </td>
          </tr>
        </table>
        <div
            >
          
        </div>
        <hr
             size="2"
            >
          
        </hr>
        <div
            >
          
          <h1
               class="af_panelHeader"
              >
            header1
          </h1>
        </div>
        <div
            >
          
        </div>
        <div
            >
          
          <h1
               class="af_panelHeader"
              >
            header2
          </h1>
        </div>
        <table
             border="0"
             cellpadding="0"
             cellspacing="0"
             summary=""
             width="100%"
            >
          
          <tr
              >
            
            <td
                 align="center"
                >
              
            </td>
          </tr>
        </table>
      </span>
<!--AttributeTest[onkeydown,null]-->

      <span
           id="mainId"
           onkeydown="test-onkeydown"
          >
        
        <table
             border="0"
             cellpadding="0"
             cellspacing="0"
             summary=""
             width="100%"
            >
          
          <tr
              >
            
            <td
                 align="center"
                >
              
            </td>
          </tr>
        </table>
        <div
            >
          
        </div>
        <hr
             size="2"
            >
          
        </hr>
        <div
            >
          
          <h1
               class="af_panelHeader"
              >
            header1
          </h1>
        </div>
        <div
            >
          
        </div>
        <div
            >
          
          <h1
               class="af_panelHeader"
              >
            header2
          </h1>
        </div>
        <table
             border="0"
             cellpadding="0"
             cellspacing="0"
             summary=""
             width="100%"
            >
          
          <tr
              >
            
            <td
                 align="center"
                >
              
            </td>
          </tr>
        </table>
      </span>
<!--AttributeTest[onkeypress,null]-->

      <span
           id="mainId"
           onkeypress="test-onkeypress"
          >
        
        <table
             border="0"
             cellpadding="0"
             cellspacing="0"
             summary=""
             width="100%"
            >
          
          <tr
              >
            
            <td
                 align="center"
                >
              
            </td>
          </tr>
        </table>
        <div
            >
          
        </div>
        <hr
             size="2"
            >
          
        </hr>
        <div
            >
          
          <h1
               class="af_panelHeader"
              >
            header1
          </h1>
        </div>
        <div
            >
          
        </div>
        <div
            >
          
          <h1
               class="af_panelHeader"
              >
            header2
          </h1>
        </div>
        <table
             border="0"
             cellpadding="0"
             cellspacing="0"
             summary=""
             width="100%"
            >
          
          <tr
              >
            
            <td
                 align="center"
                >
              
            </td>
          </tr>
        </table>
      </span>
<!--AttributeTest[onkeyup,null]-->

      <span
           id="mainId"
           onkeyup="test-onkeyup"
          >
        
        <table
             border="0"
             cellpadding="0"
             cellspacing="0"
             summary=""
             width="100%"
            >
          
          <tr
              >
            
            <td
                 align="center"
                >
              
            </td>
          </tr>
        </table>
        <div
            >
          
        </div>
        <hr
             size="2"
            >
          
        </hr>
        <div
            >
          
          <h1
               class="af_panelHeader"
              >
            header1
          </h1>
        </div>
        <div
            >
          
        </div>
        <div
            >
          
          <h1
               class="af_panelHeader"
              >
            header2
          </h1>
        </div>
        <table
             border="0"
             cellpadding="0"
             cellspacing="0"
             summary=""
             width="100%"
            >
          
          <tr
              >
            
            <td
                 align="center"
                >
              
            </td>
          </tr>
        </table>
      </span>
<!--AttributeTest[onmousedown,null]-->

      <span
           id="mainId"
           onmousedown="test-onmousedown"
          >
        
        <table
             border="0"
             cellpadding="0"
             cellspacing="0"
             summary=""
             width="100%"
            >
          
          <tr
              >
            
            <td
                 align="center"
                >
              
            </td>
          </tr>
        </table>
        <div
            >
          
        </div>
        <hr
             size="2"
            >
          
        </hr>
        <div
            >
          
          <h1
               class="af_panelHeader"
              >
            header1
          </h1>
        </div>
        <div
            >
          
        </div>
        <div
            >
          
          <h1
               class="af_panelHeader"
              >
            header2
          </h1>
        </div>
        <table
             border="0"
             cellpadding="0"
             cellspacing="0"
             summary=""
             width="100%"
            >
          
          <tr
              >
            
            <td
                 align="center"
                >
              
            </td>
          </tr>
        </table>
      </span>
<!--AttributeTest[onmousemove,null]-->

      <span
           id="mainId"
           onmousemove="test-onmousemove"
          >
        
        <table
             border="0"
             cellpadding="0"
             cellspacing="0"
             summary=""
             width="100%"
            >
          
          <tr
              >
            
            <td
                 align="center"
                >
              
            </td>
          </tr>
        </table>
        <div
            >
          
        </div>
        <hr
             size="2"
            >
          
        </hr>
        <div
            >
          
          <h1
               class="af_panelHeader"
              >
            header1
          </h1>
        </div>
        <div
            >
          
        </div>
        <div
            >
          
          <h1
               class="af_panelHeader"
              >
            header2
          </h1>
        </div>
        <table
             border="0"
             cellpadding="0"
             cellspacing="0"
             summary=""
             width="100%"
            >
          
          <tr
              >
            
            <td
                 align="center"
                >
              
            </td>
          </tr>
        </table>
      </span>
<!--AttributeTest[onmouseout,null]-->

      <span
           id="mainId"
           onmouseout="test-onmouseout"
          >
        
        <table
             border="0"
             cellpadding="0"
             cellspacing="0"
             summary=""
             width="100%"
            >
          
          <tr
              >
            
            <td
                 align="center"
                >
              
            </td>
          </tr>
        </table>
        <div
            >
          
        </div>
        <hr
             size="2"
            >
          
        </hr>
        <div
            >
          
          <h1
               class="af_panelHeader"
              >
            header1
          </h1>
        </div>
        <div
            >
          
        </div>
        <div
            >
          
          <h1
               class="af_panelHeader"
              >
            header2
          </h1>
        </div>
        <table
             border="0"
             cellpadding="0"
             cellspacing="0"
             summary=""
             width="100%"
            >
          
          <tr
              >
            
            <td
                 align="center"
                >
              
            </td>
          </tr>
        </table>
      </span>
<!--AttributeTest[onmouseover,null]-->

      <span
           id="mainId"
           onmouseover="test-onmouseover"
          >
        
        <table
             border="0"
             cellpadding="0"
             cellspacing="0"
             summary=""
             width="100%"
            >
          
          <tr
              >
            
            <td
                 align="center"
                >
              
            </td>
          </tr>
        </table>
        <div
            >
          
        </div>
        <hr
             size="2"
            >
          
        </hr>
        <div
            >
          
          <h1
               class="af_panelHeader"
              >
            header1
          </h1>
        </div>
        <div
            >
          
        </div>
        <div
            >
          
          <h1
               class="af_panelHeader"
              >
            header2
          </h1>
        </div>
        <table
             border="0"
             cellpadding="0"
             cellspacing="0"
             summary=""
             width="100%"
            >
          
          <tr
              >
            
            <td
                 align="center"
                >
              
            </td>
          </tr>
        </table>
      </span>
<!--AttributeTest[onmouseup,null]-->

      <span
           id="mainId"
           onmouseup="test-onmouseup"
          >
        
        <table
             border="0"
             cellpadding="0"
             cellspacing="0"
             summary=""
             width="100%"
            >
          
          <tr
              >
            
            <td
                 align="center"
                >
              
            </td>
          </tr>
        </table>
        <div
            >
          
        </div>
        <hr
             size="2"
            >
          
        </hr>
        <div
            >
          
          <h1
               class="af_panelHeader"
              >
            header1
          </h1>
        </div>
        <div
            >
          
        </div>
        <div
            >
          
          <h1
               class="af_panelHeader"
              >
            header2
          </h1>
        </div>
        <table
             border="0"
             cellpadding="0"
             cellspacing="0"
             summary=""
             width="100%"
            >
          
          <tr
              >
            
            <td
                 align="center"
                >
              
            </td>
          </tr>
        </table>
      </span>
</results>
