<results>
      <span
           id="mainId"
          >
        
        <table
             border="0"
             cellpadding="0"
             cellspacing="0"
             summary=""
             width="100%"
            >
          
          <tr
              >
            
            <td
                 align="center"
                >
              
              <div
                   class="af_navigationPane"
                  >
                
                <span
                     class="af_navigationPane_buttons-inactive-enabled"
                    >
                  
                  <span
                       class="af_navigationPane_buttons-content"
                      >
                    
                    <a
                         onclick="submitForm('formId',1,{source:'j_idXXX:j_idXXX'});return false;"
                         href="uri-attr:#"
                         id="uri-attr:_idXXX:_idXXX"
                         name="uri-attr:_idXXX:_idXXX"
                        >
                      button1
                    </a>
                  </span>
                  <span
                       class="af_navigationPane_buttons-separator"
                      >
                    |
                  </span>
                </span>
                <span
                     class="af_navigationPane_buttons-inactive-enabled"
                    >
                  
                  <span
                       class="af_navigationPane_buttons-content"
                      >
                    
                    <a
                         onclick="submitForm('formId',1,{source:'j_idXXX:j_idXXX'});return false;"
                         href="uri-attr:#"
                         id="uri-attr:_idXXX:_idXXX"
                         name="uri-attr:_idXXX:_idXXX"
                        >
                      button2
                    </a>
                  </span>
                  <span
                       class="af_navigationPane_buttons-separator"
                      >
                    |
                  </span>
                </span>
                <span
                     class="af_navigationPane_buttons-inactive-enabled"
                    >
                  
                  <span
                       class="af_navigationPane_buttons-content"
                      >
                    
                    <a
                         onclick="submitForm('formId',1,{source:'j_idXXX:j_idXXX'});return false;"
                         href="uri-attr:#"
                         id="uri-attr:_idXXX:_idXXX"
                         name="uri-attr:_idXXX:_idXXX"
                        >
                      button3
                    </a>
                  </span>
                </span>
              </div>
            </td>
          </tr>
        </table>
        <img
             src="uri-attr:encoded-resource-url:/test-context-path/foo/foo.gif"
            >
          
        </img>
        <div
            >
          
        </div>
        <div
             class="af_navigationPane_tabs"
            >
          
          <span
               class="af_navigationPane_buttons-inactive-enabled"
              >
            
            <span
                 class="af_navigationPane_buttons-content"
                >
              
              <a
                   onclick="submitForm('formId',1,{source:'j_idXXX:j_idXXX'});return false;"
                   href="uri-attr:#"
                   id="uri-attr:_idXXX:_idXXX"
                   name="uri-attr:_idXXX:_idXXX"
                  >
                tab1
              </a>
            </span>
            <span
                 class="af_navigationPane_buttons-separator"
                >
              |
            </span>
          </span>
          <span
               class="af_navigationPane_buttons-inactive-enabled"
              >
            
            <span
                 class="af_navigationPane_buttons-content"
                >
              
              <a
                   onclick="submitForm('formId',1,{source:'j_idXXX:j_idXXX'});return false;"
                   href="uri-attr:#"
                   id="uri-attr:_idXXX:_idXXX"
                   name="uri-attr:_idXXX:_idXXX"
                  >
                tab2
              </a>
            </span>
            <span
                 class="af_navigationPane_buttons-separator"
                >
              |
            </span>
          </span>
          <span
               class="af_navigationPane_buttons-inactive-enabled"
              >
            
            <span
                 class="af_navigationPane_buttons-content"
                >
              
              <a
                   onclick="submitForm('formId',1,{source:'j_idXXX:j_idXXX'});return false;"
                   href="uri-attr:#"
                   id="uri-attr:_idXXX:_idXXX"
                   name="uri-attr:_idXXX:_idXXX"
                  >
                tab3
              </a>
            </span>
          </span>
        </div>
        <div
            >
          
        </div>
        <div
             class="af_navigationPane_bar"
            >
          
          <span
               class="af_navigationPane_bar-inactive-enabled"
              >
            
            <span
                 class="af_navigationPane_bar-content"
                >
              
              <a
                   onclick="submitForm('formId',1,{source:'j_idXXX:j_idXXX'});return false;"
                   href="uri-attr:#"
                   id="uri-attr:_idXXX:_idXXX"
                   name="uri-attr:_idXXX:_idXXX"
                  >
                bar1
              </a>
            </span>
            <span
                 class="af_navigationPane_bar-separator"
                >
              |
            </span>
          </span>
          <span
               class="af_navigationPane_bar-inactive-enabled"
              >
            
            <span
                 class="af_navigationPane_bar-content"
                >
              
              <a
                   onclick="submitForm('formId',1,{source:'j_idXXX:j_idXXX'});return false;"
                   href="uri-attr:#"
                   id="uri-attr:_idXXX:_idXXX"
                   name="uri-attr:_idXXX:_idXXX"
                  >
                bar2
              </a>
            </span>
            <span
                 class="af_navigationPane_bar-separator"
                >
              |
            </span>
          </span>
          <span
               class="af_navigationPane_bar-inactive-enabled"
              >
            
            <span
                 class="af_navigationPane_bar-content"
                >
              
              <a
                   onclick="submitForm('formId',1,{source:'j_idXXX:j_idXXX'});return false;"
                   href="uri-attr:#"
                   id="uri-attr:_idXXX:_idXXX"
                   name="uri-attr:_idXXX:_idXXX"
                  >
                bar3
              </a>
            </span>
          </span>
        </div>
        <div
            >
          
        </div>the search facet
        <span
             class="af_breadCrumbs"
            >
          
          <nobr
              >
            
            <span
                 dir="ltr"
                >
              
              <a
                   class="af_breadCrumbs_step"
                   onclick="submitForm('formId',1,{source:'j_idXXX:j_idXXX'});return false;"
                   href="uri-attr:encoded-action-url:#"
                  >
                path1
              </a>
            </span>&#160;&gt;&#160;
          </nobr>
          <nobr
              >
            
            <span
                 dir="ltr"
                >
              
              <a
                   class="af_breadCrumbs_step"
                   onclick="submitForm('formId',1,{source:'j_idXXX:j_idXXX'});return false;"
                   href="uri-attr:encoded-action-url:#"
                  >
                path2
              </a>
            </span>&#160;&gt;&#160;
          </nobr>
        </span>
        <div
            >
          
        </div>the infoUser facet
        <div
            >
          
        </div>the messages facet
        <div
            >
          
        </div>the infoStatus facet
        <div
            >
          
          <h1
               class="af_panelHeader"
              >
            foo
          </h1>
        </div>
        <div
            >
          
        </div>
        <div
             id="panID"
            >
          
          <h1
               class="af_panelHeader"
              >
            bar bar
          </h1>
        </div>
        <div
            >
          
        </div>
        <div
            >
          
          <h1
               class="af_panelHeader"
              >
            header2
          </h1>
        </div>
        <div
            >
          
        </div>the infoFootnote facet
        <div
            >
          
        </div>
        <hr
             size="1"
            >
          
        </hr>
        <div
            >
          
        </div>the infoReturn facet
        <table
             border="0"
             cellpadding="0"
             cellspacing="0"
             summary=""
             width="100%"
            >
          
          <tr
              >
            
            <td
                 align="center"
                >
              the actions facet
            </td>
          </tr>
        </table>
        <hr
             size="2"
            >
          
        </hr>
        <table
             border="0"
             cellpadding="0"
             cellspacing="0"
             summary=""
             width="100%"
            >
          
          <tr
              >
            
            <td
                 align="center"
                >
              the appCopyright facet
            </td>
          </tr>
          <tr
              >
            
            <td
                 align="center"
                >
              
              <a
                   class="OraLink"
                   onclick="submitForm('formId',1,{source:'j_idXXX'});return false;"
                   href="uri-attr:encoded-action-url:#"
                  >
                privacy
              </a>
            </td>
          </tr>
          <tr
              >
            
            <td
                 align="center"
                >
              
              <a
                   class="OraLink"
                   onclick="submitForm('formId',1,{source:'j_idXXX'});return false;"
                   href="uri-attr:encoded-action-url:#"
                  >
                appAbout
              </a>
            </td>
          </tr>
        </table>
      </span>
<!--AttributeTest[icon,icon-uri]-->

      <span
           id="mainId"
          >
        
        <table
             border="0"
             cellpadding="0"
             cellspacing="0"
             summary=""
             width="100%"
            >
          
          <tr
              >
            
            <td
                 align="center"
                >
              
              <div
                   class="af_navigationPane"
                  >
                
                <span
                     class="af_navigationPane_buttons-inactive-enabled"
                    >
                  
                  <span
                       class="af_navigationPane_buttons-content"
                      >
                    
                    <a
                         onclick="submitForm('formId',1,{source:'j_idXXX:j_idXXX'});return false;"
                         href="uri-attr:#"
                         id="uri-attr:_idXXX:_idXXX"
                         name="uri-attr:_idXXX:_idXXX"
                        >
                      button1
                    </a>
                  </span>
                  <span
                       class="af_navigationPane_buttons-separator"
                      >
                    |
                  </span>
                </span>
                <span
                     class="af_navigationPane_buttons-inactive-enabled"
                    >
                  
                  <span
                       class="af_navigationPane_buttons-content"
                      >
                    
                    <a
                         onclick="submitForm('formId',1,{source:'j_idXXX:j_idXXX'});return false;"
                         href="uri-attr:#"
                         id="uri-attr:_idXXX:_idXXX"
                         name="uri-attr:_idXXX:_idXXX"
                        >
                      button2
                    </a>
                  </span>
                  <span
                       class="af_navigationPane_buttons-separator"
                      >
                    |
                  </span>
                </span>
                <span
                     class="af_navigationPane_buttons-inactive-enabled"
                    >
                  
                  <span
                       class="af_navigationPane_buttons-content"
                      >
                    
                    <a
                         onclick="submitForm('formId',1,{source:'j_idXXX:j_idXXX'});return false;"
                         href="uri-attr:#"
                         id="uri-attr:_idXXX:_idXXX"
                         name="uri-attr:_idXXX:_idXXX"
                        >
                      button3
                    </a>
                  </span>
                </span>
              </div>
            </td>
          </tr>
        </table>
        <img
             src="uri-attr:encoded-resource-url:/test-context-path/foo/foo.gif"
            >
          
        </img>
        <div
            >
          
        </div>
        <div
             class="af_navigationPane_tabs"
            >
          
          <span
               class="af_navigationPane_buttons-inactive-enabled"
              >
            
            <span
                 class="af_navigationPane_buttons-content"
                >
              
              <a
                   onclick="submitForm('formId',1,{source:'j_idXXX:j_idXXX'});return false;"
                   href="uri-attr:#"
                   id="uri-attr:_idXXX:_idXXX"
                   name="uri-attr:_idXXX:_idXXX"
                  >
                tab1
              </a>
            </span>
            <span
                 class="af_navigationPane_buttons-separator"
                >
              |
            </span>
          </span>
          <span
               class="af_navigationPane_buttons-inactive-enabled"
              >
            
            <span
                 class="af_navigationPane_buttons-content"
                >
              
              <a
                   onclick="submitForm('formId',1,{source:'j_idXXX:j_idXXX'});return false;"
                   href="uri-attr:#"
                   id="uri-attr:_idXXX:_idXXX"
                   name="uri-attr:_idXXX:_idXXX"
                  >
                tab2
              </a>
            </span>
            <span
                 class="af_navigationPane_buttons-separator"
                >
              |
            </span>
          </span>
          <span
               class="af_navigationPane_buttons-inactive-enabled"
              >
            
            <span
                 class="af_navigationPane_buttons-content"
                >
              
              <a
                   onclick="submitForm('formId',1,{source:'j_idXXX:j_idXXX'});return false;"
                   href="uri-attr:#"
                   id="uri-attr:_idXXX:_idXXX"
                   name="uri-attr:_idXXX:_idXXX"
                  >
                tab3
              </a>
            </span>
          </span>
        </div>
        <div
            >
          
        </div>
        <div
             class="af_navigationPane_bar"
            >
          
          <span
               class="af_navigationPane_bar-inactive-enabled"
              >
            
            <span
                 class="af_navigationPane_bar-content"
                >
              
              <a
                   onclick="submitForm('formId',1,{source:'j_idXXX:j_idXXX'});return false;"
                   href="uri-attr:#"
                   id="uri-attr:_idXXX:_idXXX"
                   name="uri-attr:_idXXX:_idXXX"
                  >
                bar1
              </a>
            </span>
            <span
                 class="af_navigationPane_bar-separator"
                >
              |
            </span>
          </span>
          <span
               class="af_navigationPane_bar-inactive-enabled"
              >
            
            <span
                 class="af_navigationPane_bar-content"
                >
              
              <a
                   onclick="submitForm('formId',1,{source:'j_idXXX:j_idXXX'});return false;"
                   href="uri-attr:#"
                   id="uri-attr:_idXXX:_idXXX"
                   name="uri-attr:_idXXX:_idXXX"
                  >
                bar2
              </a>
            </span>
            <span
                 class="af_navigationPane_bar-separator"
                >
              |
            </span>
          </span>
          <span
               class="af_navigationPane_bar-inactive-enabled"
              >
            
            <span
                 class="af_navigationPane_bar-content"
                >
              
              <a
                   onclick="submitForm('formId',1,{source:'j_idXXX:j_idXXX'});return false;"
                   href="uri-attr:#"
                   id="uri-attr:_idXXX:_idXXX"
                   name="uri-attr:_idXXX:_idXXX"
                  >
                bar3
              </a>
            </span>
          </span>
        </div>
        <div
            >
          
        </div>the search facet
        <span
             class="af_breadCrumbs"
            >
          
          <nobr
              >
            
            <span
                 dir="ltr"
                >
              
              <a
                   class="af_breadCrumbs_step"
                   onclick="submitForm('formId',1,{source:'j_idXXX:j_idXXX'});return false;"
                   href="uri-attr:encoded-action-url:#"
                  >
                path1
              </a>
            </span>&#160;&gt;&#160;
          </nobr>
          <nobr
              >
            
            <span
                 dir="ltr"
                >
              
              <a
                   class="af_breadCrumbs_step"
                   onclick="submitForm('formId',1,{source:'j_idXXX:j_idXXX'});return false;"
                   href="uri-attr:encoded-action-url:#"
                  >
                path2
              </a>
            </span>&#160;&gt;&#160;
          </nobr>
        </span>
        <div
            >
          
        </div>the infoUser facet
        <div
            >
          
        </div>the messages facet
        <div
            >
          
        </div>the infoStatus facet
        <div
            >
          
          <h1
               class="af_panelHeader"
              >
            foo
          </h1>
        </div>
        <div
            >
          
        </div>
        <div
             id="panID"
            >
          
          <h1
               class="af_panelHeader"
              >
            
            <img
                 alt=""
                 class="af_panelHeader_icon-style"
                 src="uri-attr:encoded-resource-url:icon-uri"
                >
              
            </img>bar bar
          </h1>
        </div>
        <div
            >
          
        </div>
        <div
            >
          
          <h1
               class="af_panelHeader"
              >
            header2
          </h1>
        </div>
        <div
            >
          
        </div>the infoFootnote facet
        <div
            >
          
        </div>
        <hr
             size="1"
            >
          
        </hr>
        <div
            >
          
        </div>the infoReturn facet
        <table
             border="0"
             cellpadding="0"
             cellspacing="0"
             summary=""
             width="100%"
            >
          
          <tr
              >
            
            <td
                 align="center"
                >
              the actions facet
            </td>
          </tr>
        </table>
        <hr
             size="2"
            >
          
        </hr>
        <table
             border="0"
             cellpadding="0"
             cellspacing="0"
             summary=""
             width="100%"
            >
          
          <tr
              >
            
            <td
                 align="center"
                >
              the appCopyright facet
            </td>
          </tr>
          <tr
              >
            
            <td
                 align="center"
                >
              
              <a
                   class="OraLink"
                   onclick="submitForm('formId',1,{source:'j_idXXX'});return false;"
                   href="uri-attr:encoded-action-url:#"
                  >
                privacy
              </a>
            </td>
          </tr>
          <tr
              >
            
            <td
                 align="center"
                >
              
              <a
                   class="OraLink"
                   onclick="submitForm('formId',1,{source:'j_idXXX'});return false;"
                   href="uri-attr:encoded-action-url:#"
                  >
                appAbout
              </a>
            </td>
          </tr>
        </table>
      </span>
</results>
