<results>
      <table
           border="0"
           cellpadding="0"
           cellspacing="0"
           class="af_panelButtonBar"
           datatable="0"
           id="mainId"
           role="presentation"
           summary=""
          >
        
        <tr
            >
          
          <td
              >
            
            <button
                 class="af_commandButton"
                 onclick="submitForm('formId',1,{source:'j_idXXX'});return false;"
                 type="button"
                >
              button 1
            </button>
          </td>
          <td
              >
            
            <img
                 alt=""
                 height="1"
                 width="10"
                 src="uri-attr:encoded-resource-url:/test-context-path/adf/images/t.gif"
                >
              
            </img>
          </td>
          <td
              >
            
            <button
                 class="af_commandButton"
                 onclick="submitForm('formId',1,{source:'j_idXXX'});return false;"
                 type="button"
                >
              button 2
            </button>
          </td>
          <td
              >
            
            <img
                 alt=""
                 height="1"
                 width="10"
                 src="uri-attr:encoded-resource-url:/test-context-path/adf/images/t.gif"
                >
              
            </img>
          </td>
          <td
              >
            
            <button
                 class="af_commandButton"
                 onclick="submitForm('formId',1,{source:'j_idXXX'});return false;"
                 type="button"
                >
              button 3
            </button>
          </td>
        </tr>
      </table>
<!--AttributeTest[id,null]-->

      <table
           border="0"
           cellpadding="0"
           cellspacing="0"
           class="af_panelButtonBar"
           datatable="0"
           id="test-id"
           role="presentation"
           summary=""
          >
        
        <tr
            >
          
          <td
              >
            
            <button
                 class="af_commandButton"
                 onclick="submitForm('formId',1,{source:'j_idXXX'});return false;"
                 type="button"
                >
              button 1
            </button>
          </td>
          <td
              >
            
            <img
                 alt=""
                 height="1"
                 width="10"
                 src="uri-attr:encoded-resource-url:/test-context-path/adf/images/t.gif"
                >
              
            </img>
          </td>
          <td
              >
            
            <button
                 class="af_commandButton"
                 onclick="submitForm('formId',1,{source:'j_idXXX'});return false;"
                 type="button"
                >
              button 2
            </button>
          </td>
          <td
              >
            
            <img
                 alt=""
                 height="1"
                 width="10"
                 src="uri-attr:encoded-resource-url:/test-context-path/adf/images/t.gif"
                >
              
            </img>
          </td>
          <td
              >
            
            <button
                 class="af_commandButton"
                 onclick="submitForm('formId',1,{source:'j_idXXX'});return false;"
                 type="button"
                >
              button 3
            </button>
          </td>
        </tr>
      </table>
<!--AttributeTest[inlineStyle,null]-->

      <table
           border="0"
           cellpadding="0"
           cellspacing="0"
           class="af_panelButtonBar"
           datatable="0"
           id="mainId"
           role="presentation"
           style="test-inlineStyle"
           summary=""
          >
        
        <tr
            >
          
          <td
              >
            
            <button
                 class="af_commandButton"
                 onclick="submitForm('formId',1,{source:'j_idXXX'});return false;"
                 type="button"
                >
              button 1
            </button>
          </td>
          <td
              >
            
            <img
                 alt=""
                 height="1"
                 width="10"
                 src="uri-attr:encoded-resource-url:/test-context-path/adf/images/t.gif"
                >
              
            </img>
          </td>
          <td
              >
            
            <button
                 class="af_commandButton"
                 onclick="submitForm('formId',1,{source:'j_idXXX'});return false;"
                 type="button"
                >
              button 2
            </button>
          </td>
          <td
              >
            
            <img
                 alt=""
                 height="1"
                 width="10"
                 src="uri-attr:encoded-resource-url:/test-context-path/adf/images/t.gif"
                >
              
            </img>
          </td>
          <td
              >
            
            <button
                 class="af_commandButton"
                 onclick="submitForm('formId',1,{source:'j_idXXX'});return false;"
                 type="button"
                >
              button 3
            </button>
          </td>
        </tr>
      </table>
<!--AttributeTest[rendered,false]-->

<!--AttributeTest[rendered,true]-->

      <table
           border="0"
           cellpadding="0"
           cellspacing="0"
           class="af_panelButtonBar"
           datatable="0"
           id="mainId"
           role="presentation"
           summary=""
          >
        
        <tr
            >
          
          <td
              >
            
            <button
                 class="af_commandButton"
                 onclick="submitForm('formId',1,{source:'j_idXXX'});return false;"
                 type="button"
                >
              button 1
            </button>
          </td>
          <td
              >
            
            <img
                 alt=""
                 height="1"
                 width="10"
                 src="uri-attr:encoded-resource-url:/test-context-path/adf/images/t.gif"
                >
              
            </img>
          </td>
          <td
              >
            
            <button
                 class="af_commandButton"
                 onclick="submitForm('formId',1,{source:'j_idXXX'});return false;"
                 type="button"
                >
              button 2
            </button>
          </td>
          <td
              >
            
            <img
                 alt=""
                 height="1"
                 width="10"
                 src="uri-attr:encoded-resource-url:/test-context-path/adf/images/t.gif"
                >
              
            </img>
          </td>
          <td
              >
            
            <button
                 class="af_commandButton"
                 onclick="submitForm('formId',1,{source:'j_idXXX'});return false;"
                 type="button"
                >
              button 3
            </button>
          </td>
        </tr>
      </table>
<!--AttributeTest[shortDesc,null]-->

      <table
           border="0"
           cellpadding="0"
           cellspacing="0"
           class="af_panelButtonBar"
           datatable="0"
           id="mainId"
           role="presentation"
           summary=""
           title="test-shortDesc"
          >
        
        <tr
            >
          
          <td
              >
            
            <button
                 class="af_commandButton"
                 onclick="submitForm('formId',1,{source:'j_idXXX'});return false;"
                 type="button"
                >
              button 1
            </button>
          </td>
          <td
              >
            
            <img
                 alt=""
                 height="1"
                 width="10"
                 src="uri-attr:encoded-resource-url:/test-context-path/adf/images/t.gif"
                >
              
            </img>
          </td>
          <td
              >
            
            <button
                 class="af_commandButton"
                 onclick="submitForm('formId',1,{source:'j_idXXX'});return false;"
                 type="button"
                >
              button 2
            </button>
          </td>
          <td
              >
            
            <img
                 alt=""
                 height="1"
                 width="10"
                 src="uri-attr:encoded-resource-url:/test-context-path/adf/images/t.gif"
                >
              
            </img>
          </td>
          <td
              >
            
            <button
                 class="af_commandButton"
                 onclick="submitForm('formId',1,{source:'j_idXXX'});return false;"
                 type="button"
                >
              button 3
            </button>
          </td>
        </tr>
      </table>
<!--AttributeTest[styleClass,null]-->

      <table
           border="0"
           cellpadding="0"
           cellspacing="0"
           class="test-styleClass af_panelButtonBar"
           datatable="0"
           id="mainId"
           role="presentation"
           summary=""
          >
        
        <tr
            >
          
          <td
              >
            
            <button
                 class="af_commandButton"
                 onclick="submitForm('formId',1,{source:'j_idXXX'});return false;"
                 type="button"
                >
              button 1
            </button>
          </td>
          <td
              >
            
            <img
                 alt=""
                 height="1"
                 width="10"
                 src="uri-attr:encoded-resource-url:/test-context-path/adf/images/t.gif"
                >
              
            </img>
          </td>
          <td
              >
            
            <button
                 class="af_commandButton"
                 onclick="submitForm('formId',1,{source:'j_idXXX'});return false;"
                 type="button"
                >
              button 2
            </button>
          </td>
          <td
              >
            
            <img
                 alt=""
                 height="1"
                 width="10"
                 src="uri-attr:encoded-resource-url:/test-context-path/adf/images/t.gif"
                >
              
            </img>
          </td>
          <td
              >
            
            <button
                 class="af_commandButton"
                 onclick="submitForm('formId',1,{source:'j_idXXX'});return false;"
                 type="button"
                >
              button 3
            </button>
          </td>
        </tr>
      </table>
<!--AttributeTest[halign,right]-->

      <table
           border="0"
           cellpadding="0"
           cellspacing="0"
           class="af_panelButtonBar"
           datatable="0"
           id="mainId"
           role="presentation"
           summary=""
          >
        
        <tr
            >
          
          <td
               width="100%"
              >
            
          </td>
          <td
              >
            
            <button
                 class="af_commandButton"
                 onclick="submitForm('formId',1,{source:'j_idXXX'});return false;"
                 type="button"
                >
              button 1
            </button>
          </td>
          <td
              >
            
            <img
                 alt=""
                 height="1"
                 width="10"
                 src="uri-attr:encoded-resource-url:/test-context-path/adf/images/t.gif"
                >
              
            </img>
          </td>
          <td
              >
            
            <button
                 class="af_commandButton"
                 onclick="submitForm('formId',1,{source:'j_idXXX'});return false;"
                 type="button"
                >
              button 2
            </button>
          </td>
          <td
              >
            
            <img
                 alt=""
                 height="1"
                 width="10"
                 src="uri-attr:encoded-resource-url:/test-context-path/adf/images/t.gif"
                >
              
            </img>
          </td>
          <td
              >
            
            <button
                 class="af_commandButton"
                 onclick="submitForm('formId',1,{source:'j_idXXX'});return false;"
                 type="button"
                >
              button 3
            </button>
          </td>
        </tr>
      </table>
<!--AttributeTest[halign,start]-->

      <table
           border="0"
           cellpadding="0"
           cellspacing="0"
           class="af_panelButtonBar"
           datatable="0"
           id="mainId"
           role="presentation"
           summary=""
          >
        
        <tr
            >
          
          <td
              >
            
            <button
                 class="af_commandButton"
                 onclick="submitForm('formId',1,{source:'j_idXXX'});return false;"
                 type="button"
                >
              button 1
            </button>
          </td>
          <td
              >
            
            <img
                 alt=""
                 height="1"
                 width="10"
                 src="uri-attr:encoded-resource-url:/test-context-path/adf/images/t.gif"
                >
              
            </img>
          </td>
          <td
              >
            
            <button
                 class="af_commandButton"
                 onclick="submitForm('formId',1,{source:'j_idXXX'});return false;"
                 type="button"
                >
              button 2
            </button>
          </td>
          <td
              >
            
            <img
                 alt=""
                 height="1"
                 width="10"
                 src="uri-attr:encoded-resource-url:/test-context-path/adf/images/t.gif"
                >
              
            </img>
          </td>
          <td
              >
            
            <button
                 class="af_commandButton"
                 onclick="submitForm('formId',1,{source:'j_idXXX'});return false;"
                 type="button"
                >
              button 3
            </button>
          </td>
        </tr>
      </table>
<!--AttributeTest[halign,left]-->

      <table
           border="0"
           cellpadding="0"
           cellspacing="0"
           class="af_panelButtonBar"
           datatable="0"
           id="mainId"
           role="presentation"
           summary=""
          >
        
        <tr
            >
          
          <td
              >
            
            <button
                 class="af_commandButton"
                 onclick="submitForm('formId',1,{source:'j_idXXX'});return false;"
                 type="button"
                >
              button 1
            </button>
          </td>
          <td
              >
            
            <img
                 alt=""
                 height="1"
                 width="10"
                 src="uri-attr:encoded-resource-url:/test-context-path/adf/images/t.gif"
                >
              
            </img>
          </td>
          <td
              >
            
            <button
                 class="af_commandButton"
                 onclick="submitForm('formId',1,{source:'j_idXXX'});return false;"
                 type="button"
                >
              button 2
            </button>
          </td>
          <td
              >
            
            <img
                 alt=""
                 height="1"
                 width="10"
                 src="uri-attr:encoded-resource-url:/test-context-path/adf/images/t.gif"
                >
              
            </img>
          </td>
          <td
              >
            
            <button
                 class="af_commandButton"
                 onclick="submitForm('formId',1,{source:'j_idXXX'});return false;"
                 type="button"
                >
              button 3
            </button>
          </td>
        </tr>
      </table>
<!--AttributeTest[halign,end]-->

      <table
           border="0"
           cellpadding="0"
           cellspacing="0"
           class="af_panelButtonBar"
           datatable="0"
           id="mainId"
           role="presentation"
           summary=""
          >
        
        <tr
            >
          
          <td
               width="100%"
              >
            
          </td>
          <td
              >
            
            <button
                 class="af_commandButton"
                 onclick="submitForm('formId',1,{source:'j_idXXX'});return false;"
                 type="button"
                >
              button 1
            </button>
          </td>
          <td
              >
            
            <img
                 alt=""
                 height="1"
                 width="10"
                 src="uri-attr:encoded-resource-url:/test-context-path/adf/images/t.gif"
                >
              
            </img>
          </td>
          <td
              >
            
            <button
                 class="af_commandButton"
                 onclick="submitForm('formId',1,{source:'j_idXXX'});return false;"
                 type="button"
                >
              button 2
            </button>
          </td>
          <td
              >
            
            <img
                 alt=""
                 height="1"
                 width="10"
                 src="uri-attr:encoded-resource-url:/test-context-path/adf/images/t.gif"
                >
              
            </img>
          </td>
          <td
              >
            
            <button
                 class="af_commandButton"
                 onclick="submitForm('formId',1,{source:'j_idXXX'});return false;"
                 type="button"
                >
              button 3
            </button>
          </td>
        </tr>
      </table>
<!--AttributeTest[halign,center]-->

      <table
           align="center"
           border="0"
           cellpadding="0"
           cellspacing="0"
           class="af_panelButtonBar"
           datatable="0"
           id="mainId"
           role="presentation"
           summary=""
          >
        
        <tr
            >
          
          <td
              >
            
            <button
                 class="af_commandButton"
                 onclick="submitForm('formId',1,{source:'j_idXXX'});return false;"
                 type="button"
                >
              button 1
            </button>
          </td>
          <td
              >
            
            <img
                 alt=""
                 height="1"
                 width="10"
                 src="uri-attr:encoded-resource-url:/test-context-path/adf/images/t.gif"
                >
              
            </img>
          </td>
          <td
              >
            
            <button
                 class="af_commandButton"
                 onclick="submitForm('formId',1,{source:'j_idXXX'});return false;"
                 type="button"
                >
              button 2
            </button>
          </td>
          <td
              >
            
            <img
                 alt=""
                 height="1"
                 width="10"
                 src="uri-attr:encoded-resource-url:/test-context-path/adf/images/t.gif"
                >
              
            </img>
          </td>
          <td
              >
            
            <button
                 class="af_commandButton"
                 onclick="submitForm('formId',1,{source:'j_idXXX'});return false;"
                 type="button"
                >
              button 3
            </button>
          </td>
        </tr>
      </table>
<!--AttributeTest[onclick,null]-->

      <table
           border="0"
           cellpadding="0"
           cellspacing="0"
           class="af_panelButtonBar"
           datatable="0"
           id="mainId"
           onclick="test-onclick"
           role="presentation"
           summary=""
          >
        
        <tr
            >
          
          <td
              >
            
            <button
                 class="af_commandButton"
                 onclick="submitForm('formId',1,{source:'j_idXXX'});return false;"
                 type="button"
                >
              button 1
            </button>
          </td>
          <td
              >
            
            <img
                 alt=""
                 height="1"
                 width="10"
                 src="uri-attr:encoded-resource-url:/test-context-path/adf/images/t.gif"
                >
              
            </img>
          </td>
          <td
              >
            
            <button
                 class="af_commandButton"
                 onclick="submitForm('formId',1,{source:'j_idXXX'});return false;"
                 type="button"
                >
              button 2
            </button>
          </td>
          <td
              >
            
            <img
                 alt=""
                 height="1"
                 width="10"
                 src="uri-attr:encoded-resource-url:/test-context-path/adf/images/t.gif"
                >
              
            </img>
          </td>
          <td
              >
            
            <button
                 class="af_commandButton"
                 onclick="submitForm('formId',1,{source:'j_idXXX'});return false;"
                 type="button"
                >
              button 3
            </button>
          </td>
        </tr>
      </table>
<!--AttributeTest[ondblclick,null]-->

      <table
           border="0"
           cellpadding="0"
           cellspacing="0"
           class="af_panelButtonBar"
           datatable="0"
           id="mainId"
           ondblclick="test-ondblclick"
           role="presentation"
           summary=""
          >
        
        <tr
            >
          
          <td
              >
            
            <button
                 class="af_commandButton"
                 onclick="submitForm('formId',1,{source:'j_idXXX'});return false;"
                 type="button"
                >
              button 1
            </button>
          </td>
          <td
              >
            
            <img
                 alt=""
                 height="1"
                 width="10"
                 src="uri-attr:encoded-resource-url:/test-context-path/adf/images/t.gif"
                >
              
            </img>
          </td>
          <td
              >
            
            <button
                 class="af_commandButton"
                 onclick="submitForm('formId',1,{source:'j_idXXX'});return false;"
                 type="button"
                >
              button 2
            </button>
          </td>
          <td
              >
            
            <img
                 alt=""
                 height="1"
                 width="10"
                 src="uri-attr:encoded-resource-url:/test-context-path/adf/images/t.gif"
                >
              
            </img>
          </td>
          <td
              >
            
            <button
                 class="af_commandButton"
                 onclick="submitForm('formId',1,{source:'j_idXXX'});return false;"
                 type="button"
                >
              button 3
            </button>
          </td>
        </tr>
      </table>
<!--AttributeTest[onkeydown,null]-->

      <table
           border="0"
           cellpadding="0"
           cellspacing="0"
           class="af_panelButtonBar"
           datatable="0"
           id="mainId"
           onkeydown="test-onkeydown"
           role="presentation"
           summary=""
          >
        
        <tr
            >
          
          <td
              >
            
            <button
                 class="af_commandButton"
                 onclick="submitForm('formId',1,{source:'j_idXXX'});return false;"
                 type="button"
                >
              button 1
            </button>
          </td>
          <td
              >
            
            <img
                 alt=""
                 height="1"
                 width="10"
                 src="uri-attr:encoded-resource-url:/test-context-path/adf/images/t.gif"
                >
              
            </img>
          </td>
          <td
              >
            
            <button
                 class="af_commandButton"
                 onclick="submitForm('formId',1,{source:'j_idXXX'});return false;"
                 type="button"
                >
              button 2
            </button>
          </td>
          <td
              >
            
            <img
                 alt=""
                 height="1"
                 width="10"
                 src="uri-attr:encoded-resource-url:/test-context-path/adf/images/t.gif"
                >
              
            </img>
          </td>
          <td
              >
            
            <button
                 class="af_commandButton"
                 onclick="submitForm('formId',1,{source:'j_idXXX'});return false;"
                 type="button"
                >
              button 3
            </button>
          </td>
        </tr>
      </table>
<!--AttributeTest[onkeypress,null]-->

      <table
           border="0"
           cellpadding="0"
           cellspacing="0"
           class="af_panelButtonBar"
           datatable="0"
           id="mainId"
           onkeypress="test-onkeypress"
           role="presentation"
           summary=""
          >
        
        <tr
            >
          
          <td
              >
            
            <button
                 class="af_commandButton"
                 onclick="submitForm('formId',1,{source:'j_idXXX'});return false;"
                 type="button"
                >
              button 1
            </button>
          </td>
          <td
              >
            
            <img
                 alt=""
                 height="1"
                 width="10"
                 src="uri-attr:encoded-resource-url:/test-context-path/adf/images/t.gif"
                >
              
            </img>
          </td>
          <td
              >
            
            <button
                 class="af_commandButton"
                 onclick="submitForm('formId',1,{source:'j_idXXX'});return false;"
                 type="button"
                >
              button 2
            </button>
          </td>
          <td
              >
            
            <img
                 alt=""
                 height="1"
                 width="10"
                 src="uri-attr:encoded-resource-url:/test-context-path/adf/images/t.gif"
                >
              
            </img>
          </td>
          <td
              >
            
            <button
                 class="af_commandButton"
                 onclick="submitForm('formId',1,{source:'j_idXXX'});return false;"
                 type="button"
                >
              button 3
            </button>
          </td>
        </tr>
      </table>
<!--AttributeTest[onkeyup,null]-->

      <table
           border="0"
           cellpadding="0"
           cellspacing="0"
           class="af_panelButtonBar"
           datatable="0"
           id="mainId"
           onkeyup="test-onkeyup"
           role="presentation"
           summary=""
          >
        
        <tr
            >
          
          <td
              >
            
            <button
                 class="af_commandButton"
                 onclick="submitForm('formId',1,{source:'j_idXXX'});return false;"
                 type="button"
                >
              button 1
            </button>
          </td>
          <td
              >
            
            <img
                 alt=""
                 height="1"
                 width="10"
                 src="uri-attr:encoded-resource-url:/test-context-path/adf/images/t.gif"
                >
              
            </img>
          </td>
          <td
              >
            
            <button
                 class="af_commandButton"
                 onclick="submitForm('formId',1,{source:'j_idXXX'});return false;"
                 type="button"
                >
              button 2
            </button>
          </td>
          <td
              >
            
            <img
                 alt=""
                 height="1"
                 width="10"
                 src="uri-attr:encoded-resource-url:/test-context-path/adf/images/t.gif"
                >
              
            </img>
          </td>
          <td
              >
            
            <button
                 class="af_commandButton"
                 onclick="submitForm('formId',1,{source:'j_idXXX'});return false;"
                 type="button"
                >
              button 3
            </button>
          </td>
        </tr>
      </table>
<!--AttributeTest[onmousedown,null]-->

      <table
           border="0"
           cellpadding="0"
           cellspacing="0"
           class="af_panelButtonBar"
           datatable="0"
           id="mainId"
           onmousedown="test-onmousedown"
           role="presentation"
           summary=""
          >
        
        <tr
            >
          
          <td
              >
            
            <button
                 class="af_commandButton"
                 onclick="submitForm('formId',1,{source:'j_idXXX'});return false;"
                 type="button"
                >
              button 1
            </button>
          </td>
          <td
              >
            
            <img
                 alt=""
                 height="1"
                 width="10"
                 src="uri-attr:encoded-resource-url:/test-context-path/adf/images/t.gif"
                >
              
            </img>
          </td>
          <td
              >
            
            <button
                 class="af_commandButton"
                 onclick="submitForm('formId',1,{source:'j_idXXX'});return false;"
                 type="button"
                >
              button 2
            </button>
          </td>
          <td
              >
            
            <img
                 alt=""
                 height="1"
                 width="10"
                 src="uri-attr:encoded-resource-url:/test-context-path/adf/images/t.gif"
                >
              
            </img>
          </td>
          <td
              >
            
            <button
                 class="af_commandButton"
                 onclick="submitForm('formId',1,{source:'j_idXXX'});return false;"
                 type="button"
                >
              button 3
            </button>
          </td>
        </tr>
      </table>
<!--AttributeTest[onmousemove,null]-->

      <table
           border="0"
           cellpadding="0"
           cellspacing="0"
           class="af_panelButtonBar"
           datatable="0"
           id="mainId"
           onmousemove="test-onmousemove"
           role="presentation"
           summary=""
          >
        
        <tr
            >
          
          <td
              >
            
            <button
                 class="af_commandButton"
                 onclick="submitForm('formId',1,{source:'j_idXXX'});return false;"
                 type="button"
                >
              button 1
            </button>
          </td>
          <td
              >
            
            <img
                 alt=""
                 height="1"
                 width="10"
                 src="uri-attr:encoded-resource-url:/test-context-path/adf/images/t.gif"
                >
              
            </img>
          </td>
          <td
              >
            
            <button
                 class="af_commandButton"
                 onclick="submitForm('formId',1,{source:'j_idXXX'});return false;"
                 type="button"
                >
              button 2
            </button>
          </td>
          <td
              >
            
            <img
                 alt=""
                 height="1"
                 width="10"
                 src="uri-attr:encoded-resource-url:/test-context-path/adf/images/t.gif"
                >
              
            </img>
          </td>
          <td
              >
            
            <button
                 class="af_commandButton"
                 onclick="submitForm('formId',1,{source:'j_idXXX'});return false;"
                 type="button"
                >
              button 3
            </button>
          </td>
        </tr>
      </table>
<!--AttributeTest[onmouseout,null]-->

      <table
           border="0"
           cellpadding="0"
           cellspacing="0"
           class="af_panelButtonBar"
           datatable="0"
           id="mainId"
           onmouseout="test-onmouseout"
           role="presentation"
           summary=""
          >
        
        <tr
            >
          
          <td
              >
            
            <button
                 class="af_commandButton"
                 onclick="submitForm('formId',1,{source:'j_idXXX'});return false;"
                 type="button"
                >
              button 1
            </button>
          </td>
          <td
              >
            
            <img
                 alt=""
                 height="1"
                 width="10"
                 src="uri-attr:encoded-resource-url:/test-context-path/adf/images/t.gif"
                >
              
            </img>
          </td>
          <td
              >
            
            <button
                 class="af_commandButton"
                 onclick="submitForm('formId',1,{source:'j_idXXX'});return false;"
                 type="button"
                >
              button 2
            </button>
          </td>
          <td
              >
            
            <img
                 alt=""
                 height="1"
                 width="10"
                 src="uri-attr:encoded-resource-url:/test-context-path/adf/images/t.gif"
                >
              
            </img>
          </td>
          <td
              >
            
            <button
                 class="af_commandButton"
                 onclick="submitForm('formId',1,{source:'j_idXXX'});return false;"
                 type="button"
                >
              button 3
            </button>
          </td>
        </tr>
      </table>
<!--AttributeTest[onmouseover,null]-->

      <table
           border="0"
           cellpadding="0"
           cellspacing="0"
           class="af_panelButtonBar"
           datatable="0"
           id="mainId"
           onmouseover="test-onmouseover"
           role="presentation"
           summary=""
          >
        
        <tr
            >
          
          <td
              >
            
            <button
                 class="af_commandButton"
                 onclick="submitForm('formId',1,{source:'j_idXXX'});return false;"
                 type="button"
                >
              button 1
            </button>
          </td>
          <td
              >
            
            <img
                 alt=""
                 height="1"
                 width="10"
                 src="uri-attr:encoded-resource-url:/test-context-path/adf/images/t.gif"
                >
              
            </img>
          </td>
          <td
              >
            
            <button
                 class="af_commandButton"
                 onclick="submitForm('formId',1,{source:'j_idXXX'});return false;"
                 type="button"
                >
              button 2
            </button>
          </td>
          <td
              >
            
            <img
                 alt=""
                 height="1"
                 width="10"
                 src="uri-attr:encoded-resource-url:/test-context-path/adf/images/t.gif"
                >
              
            </img>
          </td>
          <td
              >
            
            <button
                 class="af_commandButton"
                 onclick="submitForm('formId',1,{source:'j_idXXX'});return false;"
                 type="button"
                >
              button 3
            </button>
          </td>
        </tr>
      </table>
<!--AttributeTest[onmouseup,null]-->

      <table
           border="0"
           cellpadding="0"
           cellspacing="0"
           class="af_panelButtonBar"
           datatable="0"
           id="mainId"
           onmouseup="test-onmouseup"
           role="presentation"
           summary=""
          >
        
        <tr
            >
          
          <td
              >
            
            <button
                 class="af_commandButton"
                 onclick="submitForm('formId',1,{source:'j_idXXX'});return false;"
                 type="button"
                >
              button 1
            </button>
          </td>
          <td
              >
            
            <img
                 alt=""
                 height="1"
                 width="10"
                 src="uri-attr:encoded-resource-url:/test-context-path/adf/images/t.gif"
                >
              
            </img>
          </td>
          <td
              >
            
            <button
                 class="af_commandButton"
                 onclick="submitForm('formId',1,{source:'j_idXXX'});return false;"
                 type="button"
                >
              button 2
            </button>
          </td>
          <td
              >
            
            <img
                 alt=""
                 height="1"
                 width="10"
                 src="uri-attr:encoded-resource-url:/test-context-path/adf/images/t.gif"
                >
              
            </img>
          </td>
          <td
              >
            
            <button
                 class="af_commandButton"
                 onclick="submitForm('formId',1,{source:'j_idXXX'});return false;"
                 type="button"
                >
              button 3
            </button>
          </td>
        </tr>
      </table>
</results>
