<results>
      <table
           border="0"
           cellpadding="0"
           cellspacing="0"
           datatable="0"
           id="mainId"
           role="presentation"
           summary=""
          >
        
        <tr
            >
          
          <td
               align="center"
              >
            Row 1
          </td>
          <td
              >
            Row 2
          </td>
        </tr>
      </table>
<!--AttributeTest[halign,right]-->

      <table
           align="right"
           border="0"
           cellpadding="0"
           cellspacing="0"
           datatable="0"
           id="mainId"
           role="presentation"
           summary=""
          >
        
        <tr
            >
          
          <td
               align="center"
              >
            Row 1
          </td>
          <td
              >
            Row 2
          </td>
        </tr>
      </table>
<!--AttributeTest[halign,start]-->

      <table
           align="left"
           border="0"
           cellpadding="0"
           cellspacing="0"
           datatable="0"
           id="mainId"
           role="presentation"
           summary=""
          >
        
        <tr
            >
          
          <td
               align="center"
              >
            Row 1
          </td>
          <td
              >
            Row 2
          </td>
        </tr>
      </table>
<!--AttributeTest[halign,left]-->

      <table
           align="left"
           border="0"
           cellpadding="0"
           cellspacing="0"
           datatable="0"
           id="mainId"
           role="presentation"
           summary=""
          >
        
        <tr
            >
          
          <td
               align="center"
              >
            Row 1
          </td>
          <td
              >
            Row 2
          </td>
        </tr>
      </table>
<!--AttributeTest[halign,end]-->

      <table
           align="right"
           border="0"
           cellpadding="0"
           cellspacing="0"
           datatable="0"
           id="mainId"
           role="presentation"
           summary=""
          >
        
        <tr
            >
          
          <td
               align="center"
              >
            Row 1
          </td>
          <td
              >
            Row 2
          </td>
        </tr>
      </table>
<!--AttributeTest[halign,center]-->

      <table
           align="center"
           border="0"
           cellpadding="0"
           cellspacing="0"
           datatable="0"
           id="mainId"
           role="presentation"
           summary=""
          >
        
        <tr
            >
          
          <td
               align="center"
              >
            Row 1
          </td>
          <td
              >
            Row 2
          </td>
        </tr>
      </table>
<!--AttributeTest[valign,middle]-->

      <table
           border="0"
           cellpadding="0"
           cellspacing="0"
           datatable="0"
           id="mainId"
           role="presentation"
           summary=""
           valign="middle"
          >
        
        <tr
            >
          
          <td
               align="center"
              >
            Row 1
          </td>
          <td
              >
            Row 2
          </td>
        </tr>
      </table>
<!--AttributeTest[valign,top]-->

      <table
           border="0"
           cellpadding="0"
           cellspacing="0"
           datatable="0"
           id="mainId"
           role="presentation"
           summary=""
           valign="top"
          >
        
        <tr
            >
          
          <td
               align="center"
              >
            Row 1
          </td>
          <td
              >
            Row 2
          </td>
        </tr>
      </table>
<!--AttributeTest[valign,bottom]-->

      <table
           border="0"
           cellpadding="0"
           cellspacing="0"
           datatable="0"
           id="mainId"
           role="presentation"
           summary=""
           valign="bottom"
          >
        
        <tr
            >
          
          <td
               align="center"
              >
            Row 1
          </td>
          <td
              >
            Row 2
          </td>
        </tr>
      </table>
<!--AttributeTest[width,75%]-->

      <table
           border="0"
           cellpadding="0"
           cellspacing="0"
           datatable="0"
           id="mainId"
           role="presentation"
           summary=""
           width="75%"
          >
        
        <tr
            >
          
          <td
               align="center"
              >
            Row 1
          </td>
          <td
              >
            Row 2
          </td>
        </tr>
      </table>
<!--AttributeTest[id,myRowId]-->

      <table
           border="0"
           cellpadding="0"
           cellspacing="0"
           datatable="0"
           id="myRowId"
           role="presentation"
           summary=""
          >
        
        <tr
            >
          
          <td
               align="center"
              >
            Row 1
          </td>
          <td
              >
            Row 2
          </td>
        </tr>
      </table>
<!--AttributeTest[inlineStyle,background-color:blue]-->

      <table
           border="0"
           cellpadding="0"
           cellspacing="0"
           datatable="0"
           id="mainId"
           role="presentation"
           style="background-color:blue"
           summary=""
          >
        
        <tr
            >
          
          <td
               align="center"
              >
            Row 1
          </td>
          <td
              >
            Row 2
          </td>
        </tr>
      </table>
<!--AttributeTest[shortDesc,myShortDesc]-->

      <table
           border="0"
           cellpadding="0"
           cellspacing="0"
           datatable="0"
           id="mainId"
           role="presentation"
           summary=""
           title="myShortDesc"
          >
        
        <tr
            >
          
          <td
               align="center"
              >
            Row 1
          </td>
          <td
              >
            Row 2
          </td>
        </tr>
      </table>
<!--AttributeTest[styleClass,myStyle]-->

      <table
           border="0"
           cellpadding="0"
           cellspacing="0"
           class="myStyle"
           datatable="0"
           id="mainId"
           role="presentation"
           summary=""
          >
        
        <tr
            >
          
          <td
               align="center"
              >
            Row 1
          </td>
          <td
              >
            Row 2
          </td>
        </tr>
      </table>
<!--AttributeTest[onclick,null]-->

      <table
           border="0"
           cellpadding="0"
           cellspacing="0"
           datatable="0"
           id="mainId"
           onclick="test-onclick"
           role="presentation"
           summary=""
          >
        
        <tr
            >
          
          <td
               align="center"
              >
            Row 1
          </td>
          <td
              >
            Row 2
          </td>
        </tr>
      </table>
<!--AttributeTest[ondblclick,null]-->

      <table
           border="0"
           cellpadding="0"
           cellspacing="0"
           datatable="0"
           id="mainId"
           ondblclick="test-ondblclick"
           role="presentation"
           summary=""
          >
        
        <tr
            >
          
          <td
               align="center"
              >
            Row 1
          </td>
          <td
              >
            Row 2
          </td>
        </tr>
      </table>
<!--AttributeTest[onkeydown,null]-->

      <table
           border="0"
           cellpadding="0"
           cellspacing="0"
           datatable="0"
           id="mainId"
           onkeydown="test-onkeydown"
           role="presentation"
           summary=""
          >
        
        <tr
            >
          
          <td
               align="center"
              >
            Row 1
          </td>
          <td
              >
            Row 2
          </td>
        </tr>
      </table>
<!--AttributeTest[onkeypress,null]-->

      <table
           border="0"
           cellpadding="0"
           cellspacing="0"
           datatable="0"
           id="mainId"
           onkeypress="test-onkeypress"
           role="presentation"
           summary=""
          >
        
        <tr
            >
          
          <td
               align="center"
              >
            Row 1
          </td>
          <td
              >
            Row 2
          </td>
        </tr>
      </table>
<!--AttributeTest[onkeyup,null]-->

      <table
           border="0"
           cellpadding="0"
           cellspacing="0"
           datatable="0"
           id="mainId"
           onkeyup="test-onkeyup"
           role="presentation"
           summary=""
          >
        
        <tr
            >
          
          <td
               align="center"
              >
            Row 1
          </td>
          <td
              >
            Row 2
          </td>
        </tr>
      </table>
<!--AttributeTest[onmousedown,null]-->

      <table
           border="0"
           cellpadding="0"
           cellspacing="0"
           datatable="0"
           id="mainId"
           onmousedown="test-onmousedown"
           role="presentation"
           summary=""
          >
        
        <tr
            >
          
          <td
               align="center"
              >
            Row 1
          </td>
          <td
              >
            Row 2
          </td>
        </tr>
      </table>
<!--AttributeTest[onmousemove,null]-->

      <table
           border="0"
           cellpadding="0"
           cellspacing="0"
           datatable="0"
           id="mainId"
           onmousemove="test-onmousemove"
           role="presentation"
           summary=""
          >
        
        <tr
            >
          
          <td
               align="center"
              >
            Row 1
          </td>
          <td
              >
            Row 2
          </td>
        </tr>
      </table>
<!--AttributeTest[onmouseout,null]-->

      <table
           border="0"
           cellpadding="0"
           cellspacing="0"
           datatable="0"
           id="mainId"
           onmouseout="test-onmouseout"
           role="presentation"
           summary=""
          >
        
        <tr
            >
          
          <td
               align="center"
              >
            Row 1
          </td>
          <td
              >
            Row 2
          </td>
        </tr>
      </table>
<!--AttributeTest[onmouseover,null]-->

      <table
           border="0"
           cellpadding="0"
           cellspacing="0"
           datatable="0"
           id="mainId"
           onmouseover="test-onmouseover"
           role="presentation"
           summary=""
          >
        
        <tr
            >
          
          <td
               align="center"
              >
            Row 1
          </td>
          <td
              >
            Row 2
          </td>
        </tr>
      </table>
<!--AttributeTest[onmouseup,null]-->

      <table
           border="0"
           cellpadding="0"
           cellspacing="0"
           datatable="0"
           id="mainId"
           onmouseup="test-onmouseup"
           role="presentation"
           summary=""
          >
        
        <tr
            >
          
          <td
               align="center"
              >
            Row 1
          </td>
          <td
              >
            Row 2
          </td>
        </tr>
      </table>
</results>
